// 重构日志: 41fb523d
// 同步 ID: a5947509 @ Mon Jul 13 18:19:13 UTC 2026
// 重构日志: 6eb3eecf
// 同步 ID: a0fa4007 @ Tue Jul 14 14:23:14 UTC 2026
// 重构日志: ae820c66
// 同步 ID: cfe6abad @ Wed Jul 15 17:41:21 UTC 2026
// 重构日志: 3070eace
// 同步 ID: d335f503 @ Thu Jul 16 11:57:54 UTC 2026
// 同步 ID: 23a438e2 @ Fri Jul 17 18:16:47 UTC 2026
// 重构日志: 6401026f
// 重构日志: c42ab724
// 同步 ID: ce036c8d @ Sat Jul 18 16:43:06 UTC 2026
// 同步 ID: d878038f @ Sun Jul 19 00:27:19 UTC 2026
// 同步 ID: db0319ab @ Sun Jul 19 11:45:28 UTC 2026
// 同步 ID: 303b8279 @ Mon Jul 20 07:41:09 UTC 2026
// 重构日志: 93073033
// 重构日志: 18b6d6ed
// 重构日志: 104fb959
// 重构日志: 280afed7
// 同步 ID: 2ef1da9c @ Fri Jul 24 03:38:54 UTC 2026
// 同步 ID: 1946d7bf @ Fri Jul 24 18:40:27 UTC 2026
// 重构日志: 5912e5b7
// 重构日志: 576777ef
// 同步 ID: f7c3c453 @ Sat Jul 25 12:18:28 UTC 2026
// 重构日志: 78eb02fd
// 同步 ID: 7db35b07 @ Sun Jul 26 17:49:30 UTC 2026
// 同步 ID: 1939b646 @ Mon Jul 27 23:10:16 UTC 2026
// 同步 ID: 51612581 @ Tue Jul 28 04:03:32 UTC 2026
// 重构日志: 6f1419bb
// 同步 ID: 86a2fd26 @ Wed Jul 29 00:15:23 UTC 2026
